[35m[1mScanning dependencies of target listener_node[0m
[ 16%] [32mBuilding CXX object CMakeFiles/listener_node.dir/src/listener_node.cpp.o[0m
[01m[K/home/lattinone/Documents/dmap_localization_project_tamarri/src/listener/src/listener_node.cpp:26:9:[m[K [01;31m[Kerror: [m[Kno matching function for call to ‘[01m[KGridMap::GridMap()[m[K’
   26 | GridMap [01;31m[Kgrid_map[m[K;
      |         [01;31m[K^~~~~~~~[m[K
In file included from [01m[K/home/lattinone/Documents/dmap_localization_project_tamarri/src/listener/src/dmap_localizer.h:5[m[K,
                 from [01m[K/home/lattinone/Documents/dmap_localization_project_tamarri/src/listener/src/listener_node.cpp:8[m[K:
[01m[K/home/lattinone/Documents/dmap_localization_project_tamarri/src/listener/src/grid_map.h:53:3:[m[K [01;36m[Knote: [m[Kcandidate: ‘[01m[KGridMap::GridMap(float, int, int)[m[K’
   53 |   [01;36m[KGridMap[m[K(float resolution, int rows=0, int cols=0);
      |   [01;36m[K^~~~~~~[m[K
[01m[K/home/lattinone/Documents/dmap_localization_project_tamarri/src/listener/src/grid_map.h:53:3:[m[K [01;36m[Knote: [m[K  candidate expects 3 arguments, 0 provided
[01m[K/home/lattinone/Documents/dmap_localization_project_tamarri/src/listener/src/grid_map.h:43:8:[m[K [01;36m[Knote: [m[Kcandidate: ‘[01m[KGridMap::GridMap(const GridMap&)[m[K’
   43 | struct [01;36m[KGridMap[m[K: public Grid_<uint8_t>, public GridMapping{
      |        [01;36m[K^~~~~~~[m[K
[01m[K/home/lattinone/Documents/dmap_localization_project_tamarri/src/listener/src/grid_map.h:43:8:[m[K [01;36m[Knote: [m[K  candidate expects 1 argument, 0 provided
[01m[K/home/lattinone/Documents/dmap_localization_project_tamarri/src/listener/src/grid_map.h:43:8:[m[K [01;36m[Knote: [m[Kcandidate: ‘[01m[KGridMap::GridMap(GridMap&&)[m[K’
[01m[K/home/lattinone/Documents/dmap_localization_project_tamarri/src/listener/src/grid_map.h:43:8:[m[K [01;36m[Knote: [m[K  candidate expects 1 argument, 0 provided
make[2]: *** [CMakeFiles/listener_node.dir/build.make:63: CMakeFiles/listener_node.dir/src/listener_node.cpp.o] Error 1
make[1]: *** [CMakeFiles/Makefile2:175: CMakeFiles/listener_node.dir/all] Error 2
make: *** [Makefile:141: all] Error 2
